materials lock held by kunai-blade-chat
=== preflight (kblade_0927) 01:37:45
    ok (fingerprint 0cdae6bf817863ef)
=== maps_check (kblade_0927) 01:37:46
    ok
=== import_meshes (kblade_0927) 01:37:47
    exit 0 01:37:59 | NP_BUILD_DONE mode=import_meshes passed=True sec=6.2 out=C:\Users\Cody\Desktop\Blender_Projects\WorkFiles\materials\build\import_meshes_kblade_0927.json
    compile failures: 0  errors: 0
=== import_textures (kblade_0927) 01:38:00
    exit 0 01:38:11 | NP_BUILD_DONE mode=import_textures passed=True sec=5.4 out=C:\Users\Cody\Desktop\Blender_Projects\WorkFiles\materials\build\import_textures_kblade_0927.json
    compile failures: 0  errors: 0
=== clean (kblade_0927) 01:38:12
    exit 0 01:38:31 | NP_BUILD_DONE mode=clean passed=True sec=13.8 out=C:\Users\Cody\Desktop\Blender_Projects\WorkFiles\materials\build\clean_kblade_0927.json
    compile failures: 0  errors: 0
=== build (kblade_0927) 01:38:32
    exit 0 01:38:39 | NP_BUILD_DONE mode=build passed=True sec=0.7 out=C:\Users\Cody\Desktop\Blender_Projects\WorkFiles\materials\build\build_kblade_0927.json
    compile failures: 0  errors: 0
=== assign (kblade_0927) 01:38:40
    exit 0 01:38:47 | NP_BUILD_DONE mode=assign passed=True sec=0.7 out=C:\Users\Cody\Desktop\Blender_Projects\WorkFiles\materials\build\assign_kblade_0927.json
    compile failures: 0  errors: 0
=== verify (kblade_0927) 01:38:48
    exit 0 01:39:07 | NP_BUILD_DONE mode=verify passed=True sec=8.2 out=C:\Users\Cody\Desktop\Blender_Projects\WorkFiles\materials\build\verify_kblade_0927.json
    compile failures: 0  errors: 0
