2026-10-01 12:57:23 === sync run 1
2026-10-01 12:57:55 sync1 exit 0: DJ_STEP_DONE armory_sync passed=True placed=461 items=6 lights=124 shadowed=12 bounds_max_cm=0.0704 gate_fails=0 errors=0 rev=3 level_kept=True dirty=False assets_saved=0
files 6251
2026-10-01 12:58:14 === sync run 2
2026-10-01 12:58:42 sync2 exit 0: DJ_STEP_DONE armory_sync passed=True placed=461 items=6 lights=124 shadowed=12 bounds_max_cm=0.0704 gate_fails=0 errors=0 rev=3 level_kept=True dirty=False assets_saved=0
files 6251
2026-10-01 12:59:02 === sc_verify
2026-10-01 12:59:35 sc_verify exit 0
2026-10-01 12:59:35 === ls_verify
start C:/Users/Cody/Desktop/Blender_Projects/Scripts/dojo/landscape/dj_ls_verify.py 2026-10-01 12:59:47 parts= out=
exit 0 2026-10-01 13:00:10
DJ_STEP_DONE ls_verify passed=True gates={'L1_landscapes': True, 'L2_actors': True, 'L3_collision': True, 'L4_water': True, 'L5_stair_walk': True, 'L6_Blines': True}
2026-10-01 13:00:10 === boundary
start C:/Users/Cody/Desktop/Blender_Projects/WorkFiles/dojo/build/hall_armory/finish/verify/ue/v_ue_boundary.py 2026-10-01 13:00:21 parts=height,routes,interior,rearroof,stair,flood1v1,floodbr out=ue_boundary.json
exit 0 2026-10-01 13:01:45
VHA_BOUNDARY_DONE error=False
2026-10-01 13:01:45 === perf
2026-10-01 13:06:41 perf: 2026-10-01T13:06:41 csv C:\Users\Cody\Documents\Unreal Projects\DojoLab\Saved\Profiling\CSV\Profile(20261001_130624).csv 2272848
2026-10-01 13:06:42 perf csv done
2026-10-01 13:06:42 === capture Ref2Match x2
2026-10-01 13:08:53 cap final: [2026.10.01-18.08.50:014][907]LogPython: DJ_STEP_DONE game_capture passed=True shots=1/1
2026-10-01 13:11:00 cap noise: [2026.10.01-18.10.57:913][916]LogPython: DJ_STEP_DONE game_capture passed=True shots=1/1
2026-10-01 13:11:00 === alley (long)
start C:/Users/Cody/Desktop/Blender_Projects/WorkFiles/dojo/build/hall_armory/finish/verify/ue/v_ue_alley.py 2026-10-01 13:11:12 parts=mantle,flood,flood35,floodbr,arcs out=ue_alley.json
exit 0 2026-10-01 13:40:49
VHA_ALLEY_DONE parts=['mantle', 'flood', 'flood35', 'floodbr', 'arcs'] sec=1751.3 traces=93171139 error=False
files 6251
2026-10-01 13:41:17 ALL_DONE
