== g1 --fine 0.022 --place-natural --fan-h0 0.024 --fan-k 0.02 --fan-r 0.8 --k-wrap 0.30 --wrap-rise 0.45 --gather-len 0.34
BCV2 fine drape {'front_foldover': 0.17525020735737207, 'carry_worst_bary': [-0.03661602662612537, -0.00041405586170917275]}
BCV2 fan {"coarse": {"r0.35m": [1, 4, 51], "r0.55m": [0, 5, 77]}, "fine": {"r0.35m": [2, 4, 60], "r0.55m": [0, 7, 77]}}
BCV2 DONE 249.7 s
"self_intersections": 27 "front_foldover": 0.15151111448012256 "hem_on_floor_frac": 0.2846715328467153 
== g2 --fine 0.022 --place-natural --fan-h0 0.024 --fan-k 0.02 --fan-r 0.8 --k-wrap 0.36 --wrap-rise 0.45 --gather-len 0.40 --bending 2.0
BCV2 fine drape {'front_foldover': 0.3032307344379806, 'carry_worst_bary': [-0.01800059632718727, -0.00041405586170917275]}
BCV2 fan {"coarse": {"r0.35m": [2, 5, 76], "r0.55m": [0, 5, 64]}, "fine": {"r0.35m": [2, 2, 77], "r0.55m": [0, 7, 78]}}
BCV2 DONE 163.6 s
"self_intersections": 169 "front_foldover": 0.2684957217932239 "hem_on_floor_frac": 0.20863309352517986 
== g3 --fine 0.022 --place-natural --fan-h0 0.024 --fan-k 0.02 --fan-r 0.8 --k-wrap 0.30 --wrap-rise 0.30 --gather-len 0.40 --bending 2.0
BCV2 fine drape {'front_foldover': 0.28415342991713666, 'carry_worst_bary': [-0.018134538011334227, -0.00041405586170917275]}
BCV2 fan {"coarse": {"r0.35m": [2, 3, 80], "r0.55m": [0, 7, 69]}, "fine": {"r0.35m": [3, 2, 31], "r0.55m": [0, 11, 82]}}
BCV2 DONE 167.0 s
"self_intersections": 500 "front_foldover": 0.2539820483763932 "hem_on_floor_frac": 0.16176470588235295 
== g4 --fine 0.022 --place-natural --fan-h0 0.024 --fan-k 0.02 --fan-r 0.8 --k-wrap 0.42 --wrap-rise 0.55 --gather-len 0.40 --bending 1.5
BCV2 fine drape {'front_foldover': 0.22818852640491594, 'carry_worst_bary': [-0.014829018704796654, -0.00041405586170917275]}
BCV2 fan {"coarse": {"r0.35m": [1, 4, 32], "r0.55m": [0, 9, 84]}, "fine": {"r0.35m": [3, 4, 61], "r0.55m": [0, 6, 82]}}
BCV2 DONE 232.9 s
"self_intersections": 79 "front_foldover": 0.20183702701854012 "hem_on_floor_frac": 0.4014084507042254 
== g5 --fine 0.022 --place-natural --fan-h0 0.024 --fan-k 0.02 --fan-r 0.8 --k-wrap 0.30 --wrap-rise 0.45 --gather-len 0.34 --wrap-start 90 --bending 2.0
BCV2 fine drape {'front_foldover': 0.30607699055029935, 'carry_worst_bary': [-0.027728858010113377, -0.0005136309121829431]}
BCV2 fan {"coarse": {"r0.35m": [1, 2, 12], "r0.55m": [0, 8, 62]}, "fine": {"r0.35m": [3, 7, 70], "r0.55m": [0, 8, 69]}}
BCV2 DONE 166.8 s
"self_intersections": 344 "front_foldover": 0.26949745264864794 "hem_on_floor_frac": 0.0 
== g6 --fine 0.022 --place-natural --fan-h0 0.024 --fan-k 0.02 --fan-r 0.8 --k-wrap 0.25 --wrap-rise 0.35 --gather-len 0.30 --bending 2.0
BCV2 fine drape {'front_foldover': 0.40368220485491885, 'carry_worst_bary': [-0.02897085922974768, -0.00041405586170917275]}
BCV2 fan {"coarse": {"r0.35m": [2, 4, 16], "r0.55m": [0, 8, 77]}, "fine": {"r0.35m": [3, 5, 76], "r0.55m": [0, 11, 74]}}
BCV2 DONE 155.2 s
"self_intersections": 647 "front_foldover": 0.38903771986970526 "hem_on_floor_frac": 0.0 
