step=u1 exit=0 secs=7 log_lines=1672 strict_warning_error=0 loose_mentions=5 stderr_lines=0
  LOOSE  LogWindows: Failed to load 'aqProf.dll' (GetLastError=126)
  LOOSE  LogWindows: Failed to load 'VtuneApi.dll' (GetLastError=126)
  LOOSE  LogWindows: Failed to load 'VtuneApi32e.dll' (GetLastError=126)
  LOOSE  LogWindows: Failed to load 'WinPixGpuCapturer.dll' (GetLastError=126)
  LOOSE  [2026.09.18-23.25.59:672][  0]LogInit: Display: Success - 0 error(s), 0 warning(s)
step=u2 exit=0 secs=7 log_lines=1767 strict_warning_error=0 loose_mentions=5 stderr_lines=0
  LOOSE  LogWindows: Failed to load 'aqProf.dll' (GetLastError=126)
  LOOSE  LogWindows: Failed to load 'VtuneApi.dll' (GetLastError=126)
  LOOSE  LogWindows: Failed to load 'VtuneApi32e.dll' (GetLastError=126)
  LOOSE  LogWindows: Failed to load 'WinPixGpuCapturer.dll' (GetLastError=126)
  LOOSE  [2026.09.18-23.26.07:067][  0]LogInit: Display: Success - 0 error(s), 0 warning(s)
step=u3 exit=0 secs=7 log_lines=1652 strict_warning_error=0 loose_mentions=5 stderr_lines=0
  LOOSE  LogWindows: Failed to load 'aqProf.dll' (GetLastError=126)
  LOOSE  LogWindows: Failed to load 'VtuneApi.dll' (GetLastError=126)
  LOOSE  LogWindows: Failed to load 'VtuneApi32e.dll' (GetLastError=126)
  LOOSE  LogWindows: Failed to load 'WinPixGpuCapturer.dll' (GetLastError=126)
  LOOSE  [2026.09.18-23.26.13:691][  0]LogInit: Display: Success - 0 error(s), 0 warning(s)
step=u4 exit=0 secs=6 log_lines=1652 strict_warning_error=0 loose_mentions=5 stderr_lines=0
  LOOSE  LogWindows: Failed to load 'aqProf.dll' (GetLastError=126)
  LOOSE  LogWindows: Failed to load 'VtuneApi.dll' (GetLastError=126)
  LOOSE  LogWindows: Failed to load 'VtuneApi32e.dll' (GetLastError=126)
  LOOSE  LogWindows: Failed to load 'WinPixGpuCapturer.dll' (GetLastError=126)
  LOOSE  [2026.09.18-23.26.20:197][  0]LogInit: Display: Success - 0 error(s), 0 warning(s)
step=u5 exit=0 secs=6 log_lines=1655 strict_warning_error=0 loose_mentions=5 stderr_lines=0
  LOOSE  LogWindows: Failed to load 'aqProf.dll' (GetLastError=126)
  LOOSE  LogWindows: Failed to load 'VtuneApi.dll' (GetLastError=126)
  LOOSE  LogWindows: Failed to load 'VtuneApi32e.dll' (GetLastError=126)
  LOOSE  LogWindows: Failed to load 'WinPixGpuCapturer.dll' (GetLastError=126)
  LOOSE  [2026.09.18-23.26.26:633][  0]LogInit: Display: Success - 0 error(s), 0 warning(s)
