== blender_fbx_counts
BLENDER_COUNTS_DONE
== hooked_cross_truth (the shipped FBX re-imported: Blender-side handedness truth)
HOOKED_CROSS_TRUTH_DONE True
== four_point pass 1 (DEST /Game/ShurikenCheck8/KunaiFix6)
form=four_point pass=1 exit=0 log_lines=1666 warning_error_lines=0
== four_point pass 2 (DEST /Game/ShurikenCheck8/KunaiFix6)
form=four_point pass=2 exit=0 log_lines=1650 warning_error_lines=0
== four_point pass 3 (DEST /Game/ShurikenCheck8/KunaiFix6)
form=four_point pass=3 exit=0 log_lines=1653 warning_error_lines=0
== eight_point pass 1 (DEST /Game/ShurikenCheck8/KunaiFix6)
form=eight_point pass=1 exit=0 log_lines=1666 warning_error_lines=0
== eight_point pass 2 (DEST /Game/ShurikenCheck8/KunaiFix6)
form=eight_point pass=2 exit=0 log_lines=1650 warning_error_lines=0
== eight_point pass 3 (DEST /Game/ShurikenCheck8/KunaiFix6)
form=eight_point pass=3 exit=0 log_lines=1653 warning_error_lines=0
== square_plate pass 1 (DEST /Game/ShurikenCheck8/KunaiFix6)
form=square_plate pass=1 exit=0 log_lines=1666 warning_error_lines=0
== square_plate pass 2 (DEST /Game/ShurikenCheck8/KunaiFix6)
form=square_plate pass=2 exit=0 log_lines=1650 warning_error_lines=0
== square_plate pass 3 (DEST /Game/ShurikenCheck8/KunaiFix6)
form=square_plate pass=3 exit=0 log_lines=1653 warning_error_lines=0
== six_point pass 1 (DEST /Game/ShurikenCheck8/KunaiFix6)
form=six_point pass=1 exit=0 log_lines=1666 warning_error_lines=0
== six_point pass 2 (DEST /Game/ShurikenCheck8/KunaiFix6)
form=six_point pass=2 exit=0 log_lines=1650 warning_error_lines=0
== six_point pass 3 (DEST /Game/ShurikenCheck8/KunaiFix6)
form=six_point pass=3 exit=0 log_lines=1653 warning_error_lines=0
== spike pass 1 (DEST /Game/ShurikenCheck8/KunaiFix6)
form=spike pass=1 exit=0 log_lines=1666 warning_error_lines=0
== spike pass 2 (DEST /Game/ShurikenCheck8/KunaiFix6)
form=spike pass=2 exit=0 log_lines=1650 warning_error_lines=0
== spike pass 3 (DEST /Game/ShurikenCheck8/KunaiFix6)
form=spike pass=3 exit=0 log_lines=1653 warning_error_lines=0
== hooked_cross pass 1 (DEST /Game/ShurikenCheck8/KunaiFix6)
form=hooked_cross pass=1 exit=0 log_lines=1666 warning_error_lines=0
== hooked_cross pass 2 (DEST /Game/ShurikenCheck8/KunaiFix6)
form=hooked_cross pass=2 exit=0 log_lines=1650 warning_error_lines=0
== hooked_cross pass 3 (DEST /Game/ShurikenCheck8/KunaiFix6)
form=hooked_cross pass=3 exit=0 log_lines=1653 warning_error_lines=0
== kunai_plain pass 1 (DEST /Game/ShurikenCheck8/KunaiFix6)
form=kunai_plain pass=1 exit=0 log_lines=1668 warning_error_lines=0
== kunai_plain pass 2 (DEST /Game/ShurikenCheck8/KunaiFix6)
form=kunai_plain pass=2 exit=0 log_lines=1650 warning_error_lines=0
== kunai_plain pass 3 (DEST /Game/ShurikenCheck8/KunaiFix6)
form=kunai_plain pass=3 exit=0 log_lines=1653 warning_error_lines=0
== roundtrip_compare
ROUNDTRIP_DONE
== attach_engine_check
four_point: VERIFIED {'1_lod_count_and_triangles_delta_0': True, '2_exactly_one_convex_hull': True, '3_grip_trail_scale_1_sane_cm': True, '4_bounds_cm': True, '5_screen_sizes_from_sidecar': True, '6_lightmap_coordinate_index_1': True, '7_zero_warning_error_log_lines': True, '8_unreal_export_roundtrip_hull_positions_uv': True, '9_verified_bytes_are_this_build': True}
eight_point: VERIFIED {'1_lod_count_and_triangles_delta_0': True, '2_exactly_one_convex_hull': True, '3_grip_trail_scale_1_sane_cm': True, '4_bounds_cm': True, '5_screen_sizes_from_sidecar': True, '6_lightmap_coordinate_index_1': True, '7_zero_warning_error_log_lines': True, '8_unreal_export_roundtrip_hull_positions_uv': True, '9_verified_bytes_are_this_build': True}
square_plate: VERIFIED {'1_lod_count_and_triangles_delta_0': True, '2_exactly_one_convex_hull': True, '3_grip_trail_scale_1_sane_cm': True, '4_bounds_cm': True, '5_screen_sizes_from_sidecar': True, '6_lightmap_coordinate_index_1': True, '7_zero_warning_error_log_lines': True, '8_unreal_export_roundtrip_hull_positions_uv': True, '9_verified_bytes_are_this_build': True}
six_point: VERIFIED {'1_lod_count_and_triangles_delta_0': True, '2_exactly_one_convex_hull': True, '3_grip_trail_scale_1_sane_cm': True, '4_bounds_cm': True, '5_screen_sizes_from_sidecar': True, '6_lightmap_coordinate_index_1': True, '7_zero_warning_error_log_lines': True, '8_unreal_export_roundtrip_hull_positions_uv': True, '9_verified_bytes_are_this_build': True}
spike: VERIFIED {'1_lod_count_and_triangles_delta_0': True, '2_exactly_one_convex_hull': True, '3_grip_trail_scale_1_sane_cm': True, '4_bounds_cm': True, '5_screen_sizes_from_sidecar': True, '6_lightmap_coordinate_index_1': True, '7_zero_warning_error_log_lines': True, '8_unreal_export_roundtrip_hull_positions_uv': True, '9_verified_bytes_are_this_build': True}
hooked_cross: VERIFIED {'1_lod_count_and_triangles_delta_0': True, '2_exactly_one_convex_hull': True, '3_grip_trail_scale_1_sane_cm': True, '4_bounds_cm': True, '5_screen_sizes_from_sidecar': True, '6_lightmap_coordinate_index_1': True, '10_handedness_left_facing_on_plus_z': True, '11_handedness_render_data_every_lod': True, '12_texture_sheets_read_plus_z': True, '7_zero_warning_error_log_lines': True, '8_unreal_export_roundtrip_hull_positions_uv': True, '9_verified_bytes_are_this_build': True}
kunai_plain: VERIFIED {'1_lod_count_and_triangles_delta_0': True, '2_exactly_2_convex_hulls': True, '3_sockets_grip_trail_tip_ring_scale_1_sane_cm': True, '4_bounds_cm': True, '5_screen_sizes_from_sidecar': True, '6_lightmap_coordinate_index_1': True, '13_two_sections_uv_tiles_lettering_band_every_lod': True, '7_zero_warning_error_log_lines': True, '8_unreal_export_roundtrip_hull_positions_uv': True, '9_verified_bytes_are_this_build': True}
== textures: import (fresh process)
[2026.09.19-22.58.32:014][  0]LogPython: UE_IMPORT_TEXTURES_IMPORT passed=True C:\Users\Cody\Desktop\Blender_Projects\WorkFiles\shuriken\UnrealCheck6\textures_import.json
== textures: verify (fresh process)
[2026.09.19-22.58.36:720][  0]LogPython: UE_IMPORT_TEXTURES_VERIFY passed=True C:\Users\Cody\Desktop\Blender_Projects\WorkFiles\shuriken\UnrealCheck6\textures_verify.json
== done
