== start 2026-09-27T01:24:49-05:00  DEST=/Game/ShurikenCheck9/KunaiBladeC3  OUT=C:/Users/Cody/Desktop/Blender_Projects/WorkFiles/shuriken/UnrealCheck6/blade_section_c3
== hash inputs (before)
HASH_INPUTS 40 files; frozen overlap 30 mismatches []
== blender_fbx_counts
BLENDER_COUNTS_DONE
== hooked_cross_truth (the shipped FBX re-imported: Blender-side handedness truth)
HOOKED_CROSS_TRUTH_DONE True
== kunai_plain pass 1 (DEST /Game/ShurikenCheck9/KunaiBladeC3)
guard: busy (232732:UnrealEditor-Cmd.exe) - waiting 60 s
guard: free (kunai_plain pass 1)
kunai_plain pass 1 exit=0 log_lines=1666 warning_error_lines=0
== kunai_plain pass 2 (DEST /Game/ShurikenCheck9/KunaiBladeC3)
guard: free (kunai_plain pass 2)
kunai_plain pass 2 exit=0 log_lines=1651 warning_error_lines=0
== kunai_plain pass 3 (DEST /Game/ShurikenCheck9/KunaiBladeC3)
guard: free (kunai_plain pass 3)
kunai_plain pass 3 exit=0 log_lines=1654 warning_error_lines=0
== four_point pass 1 (DEST /Game/ShurikenCheck9/KunaiBladeC3)
guard: busy (232084:UnrealEditor-Cmd.exe) - waiting 60 s
guard: busy (229600:UnrealEditor-Cmd.exe) - waiting 60 s
guard: free (four_point pass 1)
four_point pass 1 exit=0 log_lines=1666 warning_error_lines=0
== four_point pass 2 (DEST /Game/ShurikenCheck9/KunaiBladeC3)
guard: free (four_point pass 2)
four_point pass 2 exit=0 log_lines=1650 warning_error_lines=0
== four_point pass 3 (DEST /Game/ShurikenCheck9/KunaiBladeC3)
guard: free (four_point pass 3)
four_point pass 3 exit=0 log_lines=1653 warning_error_lines=0
== eight_point pass 1 (DEST /Game/ShurikenCheck9/KunaiBladeC3)
guard: free (eight_point pass 1)
eight_point pass 1 exit=0 log_lines=1666 warning_error_lines=0
== eight_point pass 2 (DEST /Game/ShurikenCheck9/KunaiBladeC3)
guard: free (eight_point pass 2)
eight_point pass 2 exit=0 log_lines=1650 warning_error_lines=0
== eight_point pass 3 (DEST /Game/ShurikenCheck9/KunaiBladeC3)
guard: free (eight_point pass 3)
eight_point pass 3 exit=0 log_lines=1653 warning_error_lines=0
== square_plate pass 1 (DEST /Game/ShurikenCheck9/KunaiBladeC3)
guard: free (square_plate pass 1)
square_plate pass 1 exit=0 log_lines=1666 warning_error_lines=0
== square_plate pass 2 (DEST /Game/ShurikenCheck9/KunaiBladeC3)
guard: free (square_plate pass 2)
square_plate pass 2 exit=0 log_lines=1650 warning_error_lines=0
== square_plate pass 3 (DEST /Game/ShurikenCheck9/KunaiBladeC3)
guard: free (square_plate pass 3)
square_plate pass 3 exit=0 log_lines=1653 warning_error_lines=0
== six_point pass 1 (DEST /Game/ShurikenCheck9/KunaiBladeC3)
guard: free (six_point pass 1)
six_point pass 1 exit=0 log_lines=1666 warning_error_lines=0
== six_point pass 2 (DEST /Game/ShurikenCheck9/KunaiBladeC3)
guard: free (six_point pass 2)
six_point pass 2 exit=0 log_lines=1650 warning_error_lines=0
== six_point pass 3 (DEST /Game/ShurikenCheck9/KunaiBladeC3)
guard: free (six_point pass 3)
six_point pass 3 exit=0 log_lines=1653 warning_error_lines=0
== spike pass 1 (DEST /Game/ShurikenCheck9/KunaiBladeC3)
guard: free (spike pass 1)
spike pass 1 exit=0 log_lines=1666 warning_error_lines=0
== spike pass 2 (DEST /Game/ShurikenCheck9/KunaiBladeC3)
guard: free (spike pass 2)
spike pass 2 exit=0 log_lines=1650 warning_error_lines=0
== spike pass 3 (DEST /Game/ShurikenCheck9/KunaiBladeC3)
guard: free (spike pass 3)
spike pass 3 exit=0 log_lines=1653 warning_error_lines=0
== hooked_cross pass 1 (DEST /Game/ShurikenCheck9/KunaiBladeC3)
guard: free (hooked_cross pass 1)
hooked_cross pass 1 exit=0 log_lines=1666 warning_error_lines=0
== hooked_cross pass 2 (DEST /Game/ShurikenCheck9/KunaiBladeC3)
guard: free (hooked_cross pass 2)
hooked_cross pass 2 exit=0 log_lines=1650 warning_error_lines=0
== hooked_cross pass 3 (DEST /Game/ShurikenCheck9/KunaiBladeC3)
guard: free (hooked_cross pass 3)
hooked_cross pass 3 exit=0 log_lines=1653 warning_error_lines=0
== roundtrip_compare
ROUNDTRIP_DONE
== textures: import (fresh process)
guard: free (textures import)
textures import exit=0 log_lines=1845 warning_error_lines=0
[2026.09.27-06.31.09:530][  0]LogPython: UE_IMPORT_TEXTURES_IMPORT passed=True C:\Users\Cody\Desktop\Blender_Projects\WorkFiles\shuriken\UnrealCheck6\blade_section_c3\textures_import.json
== textures: verify (fresh process)
guard: free (textures verify)
textures verify exit=0 log_lines=1650 warning_error_lines=0
[2026.09.27-06.31.17:622][  0]LogPython: UE_IMPORT_TEXTURES_VERIFY passed=True C:\Users\Cody\Desktop\Blender_Projects\WorkFiles\shuriken\UnrealCheck6\blade_section_c3\textures_verify.json
== hash inputs (after)
HASH_INPUTS 40 files; frozen overlap 30 mismatches []
== attach_engine_check (writes kunai_plain only; the six check-only)
four_point: VERIFIED (check only, report not written; identical to its attached engine_check: True) {'1_lod_count_and_triangles_delta_0': True, '2_exactly_one_convex_hull': True, '3_grip_trail_scale_1_sane_cm': True, '4_bounds_cm': True, '5_screen_sizes_from_sidecar': True, '6_lightmap_coordinate_index_1': True, '7_zero_warning_error_log_lines': True, '8_unreal_export_roundtrip_hull_positions_uv': True, '9_verified_bytes_are_this_build': True}
eight_point: VERIFIED (check only, report not written; identical to its attached engine_check: True) {'1_lod_count_and_triangles_delta_0': True, '2_exactly_one_convex_hull': True, '3_grip_trail_scale_1_sane_cm': True, '4_bounds_cm': True, '5_screen_sizes_from_sidecar': True, '6_lightmap_coordinate_index_1': True, '7_zero_warning_error_log_lines': True, '8_unreal_export_roundtrip_hull_positions_uv': True, '9_verified_bytes_are_this_build': True}
square_plate: VERIFIED (check only, report not written; identical to its attached engine_check: True) {'1_lod_count_and_triangles_delta_0': True, '2_exactly_one_convex_hull': True, '3_grip_trail_scale_1_sane_cm': True, '4_bounds_cm': True, '5_screen_sizes_from_sidecar': True, '6_lightmap_coordinate_index_1': True, '7_zero_warning_error_log_lines': True, '8_unreal_export_roundtrip_hull_positions_uv': True, '9_verified_bytes_are_this_build': True}
six_point: VERIFIED (check only, report not written; identical to its attached engine_check: True) {'1_lod_count_and_triangles_delta_0': True, '2_exactly_one_convex_hull': True, '3_grip_trail_scale_1_sane_cm': True, '4_bounds_cm': True, '5_screen_sizes_from_sidecar': True, '6_lightmap_coordinate_index_1': True, '7_zero_warning_error_log_lines': True, '8_unreal_export_roundtrip_hull_positions_uv': True, '9_verified_bytes_are_this_build': True}
spike: VERIFIED (check only, report not written; identical to its attached engine_check: True) {'1_lod_count_and_triangles_delta_0': True, '2_exactly_one_convex_hull': True, '3_grip_trail_scale_1_sane_cm': True, '4_bounds_cm': True, '5_screen_sizes_from_sidecar': True, '6_lightmap_coordinate_index_1': True, '7_zero_warning_error_log_lines': True, '8_unreal_export_roundtrip_hull_positions_uv': True, '9_verified_bytes_are_this_build': True}
hooked_cross: VERIFIED (check only, report not written; identical to its attached engine_check: True) {'1_lod_count_and_triangles_delta_0': True, '2_exactly_one_convex_hull': True, '3_grip_trail_scale_1_sane_cm': True, '4_bounds_cm': True, '5_screen_sizes_from_sidecar': True, '6_lightmap_coordinate_index_1': True, '10_handedness_left_facing_on_plus_z': True, '11_handedness_render_data_every_lod': True, '12_texture_sheets_read_plus_z': True, '7_zero_warning_error_log_lines': True, '8_unreal_export_roundtrip_hull_positions_uv': True, '9_verified_bytes_are_this_build': True}
kunai_plain: VERIFIED {'1_lod_count_and_triangles_delta_0': True, '2_exactly_2_convex_hulls': True, '3_sockets_grip_trail_tip_ring_scale_1_sane_cm': True, '4_bounds_cm': True, '5_screen_sizes_from_sidecar': True, '6_lightmap_coordinate_index_1': True, '13_two_sections_uv_tiles_lettering_band_every_lod': True, '7_zero_warning_error_log_lines': True, '8_unreal_export_roundtrip_hull_positions_uv': True, '9_verified_bytes_are_this_build': True}
== done 2026-09-27T01:31:20-05:00
