== blender_fbx_counts
BLENDER_COUNTS_DONE
== four_point pass 1 (DEST /Game/ShurikenCheck6/Maint3)
form=four_point pass=1 exit=0 log_lines=1672 warning_error_lines=0
== four_point pass 2 (DEST /Game/ShurikenCheck6/Maint3)
form=four_point pass=2 exit=0 log_lines=1650 warning_error_lines=0
== four_point pass 3 (DEST /Game/ShurikenCheck6/Maint3)
form=four_point pass=3 exit=0 log_lines=1653 warning_error_lines=0
== eight_point pass 1 (DEST /Game/ShurikenCheck6/Maint3)
form=eight_point pass=1 exit=0 log_lines=1672 warning_error_lines=0
== eight_point pass 2 (DEST /Game/ShurikenCheck6/Maint3)
form=eight_point pass=2 exit=0 log_lines=1650 warning_error_lines=0
== eight_point pass 3 (DEST /Game/ShurikenCheck6/Maint3)
form=eight_point pass=3 exit=0 log_lines=1653 warning_error_lines=0
== square_plate pass 1 (DEST /Game/ShurikenCheck6/Maint3)
form=square_plate pass=1 exit=0 log_lines=1670 warning_error_lines=0
== square_plate pass 2 (DEST /Game/ShurikenCheck6/Maint3)
form=square_plate pass=2 exit=0 log_lines=1650 warning_error_lines=0
== square_plate pass 3 (DEST /Game/ShurikenCheck6/Maint3)
form=square_plate pass=3 exit=0 log_lines=1653 warning_error_lines=0
== roundtrip_compare
ROUNDTRIP_DONE
== attach_engine_check
four_point: VERIFIED {'1_lod_count_and_triangles_delta_0': True, '2_exactly_one_convex_hull': True, '3_grip_trail_scale_1_sane_cm': True, '4_bounds_cm': True, '5_screen_sizes_from_sidecar': True, '6_lightmap_coordinate_index_1': True, '7_zero_warning_error_log_lines': True, '8_unreal_export_roundtrip_hull_positions_uv': True, '9_verified_bytes_are_this_build': True}
eight_point: VERIFIED {'1_lod_count_and_triangles_delta_0': True, '2_exactly_one_convex_hull': True, '3_grip_trail_scale_1_sane_cm': True, '4_bounds_cm': True, '5_screen_sizes_from_sidecar': True, '6_lightmap_coordinate_index_1': True, '7_zero_warning_error_log_lines': True, '8_unreal_export_roundtrip_hull_positions_uv': True, '9_verified_bytes_are_this_build': True}
square_plate: VERIFIED {'1_lod_count_and_triangles_delta_0': True, '2_exactly_one_convex_hull': True, '3_grip_trail_scale_1_sane_cm': True, '4_bounds_cm': True, '5_screen_sizes_from_sidecar': True, '6_lightmap_coordinate_index_1': True, '7_zero_warning_error_log_lines': True, '8_unreal_export_roundtrip_hull_positions_uv': True, '9_verified_bytes_are_this_build': True}
== textures: import (fresh process)
[2026.09.18-19.20.36:125][  0]LogPython: UE_IMPORT_TEXTURES_IMPORT passed=True C:\Users\Cody\Desktop\Blender_Projects\WorkFiles\shuriken\UnrealCheck6\textures_import.json
== textures: verify (fresh process)
[2026.09.18-19.20.41:558][  0]LogPython: UE_IMPORT_TEXTURES_VERIFY passed=True C:\Users\Cody\Desktop\Blender_Projects\WorkFiles\shuriken\UnrealCheck6\textures_verify.json
== done
