== start 2026-09-27T00:27:57-05:00  DEST=/Game/ShurikenCheck9/KunaiBladeC1  OUT=C:/Users/Cody/Desktop/Blender_Projects/WorkFiles/shuriken/UnrealCheck6/blade_section_c1
== hash inputs (before)
HASH_INPUTS 40 files; frozen overlap 30 mismatches []
== blender_fbx_counts
BLENDER_COUNTS_DONE
== hooked_cross_truth (the shipped FBX re-imported: Blender-side handedness truth)
HOOKED_CROSS_TRUTH_DONE True
== kunai_plain pass 1 (DEST /Game/ShurikenCheck9/KunaiBladeC1)
guard: free (kunai_plain pass 1)
kunai_plain pass 1 exit=0 log_lines=1668 warning_error_lines=0
== kunai_plain pass 2 (DEST /Game/ShurikenCheck9/KunaiBladeC1)
guard: free (kunai_plain pass 2)
kunai_plain pass 2 exit=0 log_lines=1650 warning_error_lines=0
== kunai_plain pass 3 (DEST /Game/ShurikenCheck9/KunaiBladeC1)
guard: free (kunai_plain pass 3)
kunai_plain pass 3 exit=0 log_lines=1653 warning_error_lines=0
== four_point pass 1 (DEST /Game/ShurikenCheck9/KunaiBladeC1)
guard: free (four_point pass 1)
four_point pass 1 exit=0 log_lines=1666 warning_error_lines=0
== four_point pass 2 (DEST /Game/ShurikenCheck9/KunaiBladeC1)
guard: free (four_point pass 2)
four_point pass 2 exit=0 log_lines=1651 warning_error_lines=0
== four_point pass 3 (DEST /Game/ShurikenCheck9/KunaiBladeC1)
guard: free (four_point pass 3)
four_point pass 3 exit=0 log_lines=1653 warning_error_lines=0
== eight_point pass 1 (DEST /Game/ShurikenCheck9/KunaiBladeC1)
guard: free (eight_point pass 1)
eight_point pass 1 exit=0 log_lines=1666 warning_error_lines=0
== eight_point pass 2 (DEST /Game/ShurikenCheck9/KunaiBladeC1)
guard: free (eight_point pass 2)
eight_point pass 2 exit=0 log_lines=1650 warning_error_lines=0
== eight_point pass 3 (DEST /Game/ShurikenCheck9/KunaiBladeC1)
guard: free (eight_point pass 3)
eight_point pass 3 exit=0 log_lines=1653 warning_error_lines=0
== square_plate pass 1 (DEST /Game/ShurikenCheck9/KunaiBladeC1)
guard: free (square_plate pass 1)
square_plate pass 1 exit=0 log_lines=1666 warning_error_lines=0
== square_plate pass 2 (DEST /Game/ShurikenCheck9/KunaiBladeC1)
guard: free (square_plate pass 2)
square_plate pass 2 exit=0 log_lines=1651 warning_error_lines=0
== square_plate pass 3 (DEST /Game/ShurikenCheck9/KunaiBladeC1)
guard: free (square_plate pass 3)
square_plate pass 3 exit=0 log_lines=1654 warning_error_lines=0
== six_point pass 1 (DEST /Game/ShurikenCheck9/KunaiBladeC1)
guard: free (six_point pass 1)
six_point pass 1 exit=0 log_lines=1666 warning_error_lines=0
== six_point pass 2 (DEST /Game/ShurikenCheck9/KunaiBladeC1)
guard: free (six_point pass 2)
six_point pass 2 exit=0 log_lines=1650 warning_error_lines=0
== six_point pass 3 (DEST /Game/ShurikenCheck9/KunaiBladeC1)
guard: free (six_point pass 3)
six_point pass 3 exit=0 log_lines=1653 warning_error_lines=0
== spike pass 1 (DEST /Game/ShurikenCheck9/KunaiBladeC1)
guard: free (spike pass 1)
spike pass 1 exit=0 log_lines=1666 warning_error_lines=0
== spike pass 2 (DEST /Game/ShurikenCheck9/KunaiBladeC1)
guard: free (spike pass 2)
spike pass 2 exit=0 log_lines=1650 warning_error_lines=0
== spike pass 3 (DEST /Game/ShurikenCheck9/KunaiBladeC1)
guard: free (spike pass 3)
spike pass 3 exit=0 log_lines=1654 warning_error_lines=0
== hooked_cross pass 1 (DEST /Game/ShurikenCheck9/KunaiBladeC1)
guard: free (hooked_cross pass 1)
hooked_cross pass 1 exit=0 log_lines=1666 warning_error_lines=0
== hooked_cross pass 2 (DEST /Game/ShurikenCheck9/KunaiBladeC1)
guard: free (hooked_cross pass 2)
hooked_cross pass 2 exit=0 log_lines=1650 warning_error_lines=0
== hooked_cross pass 3 (DEST /Game/ShurikenCheck9/KunaiBladeC1)
guard: free (hooked_cross pass 3)
hooked_cross pass 3 exit=0 log_lines=1653 warning_error_lines=0
== roundtrip_compare
ROUNDTRIP_DONE
== textures: import (fresh process)
guard: free (textures import)
textures import exit=0 log_lines=1845 warning_error_lines=0
[2026.09.27-05.32.51:771][  0]LogPython: UE_IMPORT_TEXTURES_IMPORT passed=True C:\Users\Cody\Desktop\Blender_Projects\WorkFiles\shuriken\UnrealCheck6\blade_section_c1\textures_import.json
== textures: verify (fresh process)
guard: free (textures verify)
textures verify exit=0 log_lines=1650 warning_error_lines=0
[2026.09.27-05.32.59:188][  0]LogPython: UE_IMPORT_TEXTURES_VERIFY passed=True C:\Users\Cody\Desktop\Blender_Projects\WorkFiles\shuriken\UnrealCheck6\blade_section_c1\textures_verify.json
== hash inputs (after)
HASH_INPUTS 40 files; frozen overlap 30 mismatches []
== attach_engine_check SKIPPED (UC6_SKIP_ATTACH=1)
== done 2026-09-27T00:33:00-05:00
