== blender_fbx_counts
BLENDER_COUNTS_DONE
== blend_lod_counts
BLEND_COUNTS_DONE
== four_point pass 1 (DEST /Game/ShurikenCheck7/Knife)
form=four_point pass=1 exit=0 log_lines=1670 warning_error_lines=0
== four_point pass 2 (DEST /Game/ShurikenCheck7/Knife)
form=four_point pass=2 exit=0 log_lines=1650 warning_error_lines=0
== four_point pass 3 (DEST /Game/ShurikenCheck7/Knife)
form=four_point pass=3 exit=0 log_lines=1653 warning_error_lines=0
== eight_point pass 1 (DEST /Game/ShurikenCheck7/Knife)
form=eight_point pass=1 exit=0 log_lines=1670 warning_error_lines=0
== eight_point pass 2 (DEST /Game/ShurikenCheck7/Knife)
form=eight_point pass=2 exit=0 log_lines=1650 warning_error_lines=0
== eight_point pass 3 (DEST /Game/ShurikenCheck7/Knife)
form=eight_point pass=3 exit=0 log_lines=1653 warning_error_lines=0
== square_plate pass 1 (DEST /Game/ShurikenCheck7/Knife)
form=square_plate pass=1 exit=0 log_lines=1670 warning_error_lines=0
== square_plate pass 2 (DEST /Game/ShurikenCheck7/Knife)
form=square_plate pass=2 exit=0 log_lines=1650 warning_error_lines=0
== square_plate pass 3 (DEST /Game/ShurikenCheck7/Knife)
form=square_plate pass=3 exit=0 log_lines=1653 warning_error_lines=0
== textures pass 4 (DEST /Game/ShurikenCheck7/Knife)
form=textures pass=4 exit=0 log_lines=1808 warning_error_lines=0
== textures pass 5 (DEST /Game/ShurikenCheck7/Knife)
form=textures pass=5 exit=0 log_lines=1650 warning_error_lines=0
== roundtrip_compare
ROUNDTRIP_DONE
== summarize
four_point: VERIFIED {'1_lod_count_and_triangles_delta_0': True, '2_exactly_one_convex_hull': True, '3_grip_trail_scale_1_sane_cm': True, '4_bounds_cm': True, '5_screen_sizes_from_sidecar': True, '6_lightmap_coordinate_index_1': True, 'x_sockets_inside_bounds_on_midplane': True, 'x_single_material_slot_one_section_per_lod': True, 'x_nanite_off': True, '7_zero_warning_error_log_lines': True, '8_unreal_export_roundtrip_hull_positions_uv': True, '9_verified_bytes_are_this_build': True, '10_blend_truth_lods_hull_sockets': True}
eight_point: VERIFIED {'1_lod_count_and_triangles_delta_0': True, '2_exactly_one_convex_hull': True, '3_grip_trail_scale_1_sane_cm': True, '4_bounds_cm': True, '5_screen_sizes_from_sidecar': True, '6_lightmap_coordinate_index_1': True, 'x_sockets_inside_bounds_on_midplane': True, 'x_single_material_slot_one_section_per_lod': True, 'x_nanite_off': True, '7_zero_warning_error_log_lines': True, '8_unreal_export_roundtrip_hull_positions_uv': True, '9_verified_bytes_are_this_build': True, '10_blend_truth_lods_hull_sockets': True}
square_plate: VERIFIED {'1_lod_count_and_triangles_delta_0': True, '2_exactly_one_convex_hull': True, '3_grip_trail_scale_1_sane_cm': True, '4_bounds_cm': True, '5_screen_sizes_from_sidecar': True, '6_lightmap_coordinate_index_1': True, 'x_sockets_inside_bounds_on_midplane': True, 'x_single_material_slot_one_section_per_lod': True, 'x_nanite_off': True, '7_zero_warning_error_log_lines': True, '8_unreal_export_roundtrip_hull_positions_uv': True, '9_verified_bytes_are_this_build': True, '10_blend_truth_lods_hull_sockets': True}
textures: {'T1_all_nine_import_as_Texture2D_2048': True, 'T2_raw_assetimporttask_flags_match_intent': False, 'T3_flags_set_after_import_persist_in_fresh_process': True, 'T4_zero_warning_error_log_lines': True, 'T5_bytes_verified_are_on_disk': True} mismatches: {'T_Shuriken_FourPoint_ORM': {'srgb': False, 'compression': False, 'flip_green': True, 'all': False}, 'T_Shuriken_EightPoint_ORM': {'srgb': False, 'compression': False, 'flip_green': True, 'all': False}, 'T_Shuriken_SquarePlate_ORM': {'srgb': False, 'compression': False, 'flip_green': True, 'all': False}}
SUMMARY C:\Users\Cody\Desktop\Blender_Projects\WorkFiles\shuriken\UnrealCheck7\verification_summary.json
== done
