Exports/SnowFlower/v4/README.md
Exports/SnowFlower/v4/README_Sheath.md
Exports/SnowFlower/v4/SM_SnowFlower.fbx
Exports/SnowFlower/v4/SM_SnowFlower.sockets.json
Exports/SnowFlower/v4/SM_SnowFlower_Sheath.fbx
Exports/SnowFlower/v4/SM_SnowFlower_Sheath.sockets.json
Exports/SnowFlower/v4/Textures/Recolour/T_SnowFlower_Sheath_Lacquer_Detail16.png
Exports/SnowFlower/v4/Textures/Recolour/T_SnowFlower_Wrap_Detail16.png
Exports/SnowFlower/v4/Textures/Recolour/recolour_constants.json
Exports/SnowFlower/v4/Textures/Recolour/recolour_maps.json
Exports/SnowFlower/v4/Textures/T_SnowFlower_Sheath_BC.png
Exports/SnowFlower/v4/Textures/T_SnowFlower_Sheath_Lacquer_Detail.png
Exports/SnowFlower/v4/Textures/T_SnowFlower_Sheath_N.png
Exports/SnowFlower/v4/Textures/T_SnowFlower_Sheath_ORM.png
Exports/SnowFlower/v4/Textures/T_SnowFlower_Steel_BC.png
Exports/SnowFlower/v4/Textures/T_SnowFlower_Steel_N.png
Exports/SnowFlower/v4/Textures/T_SnowFlower_Steel_ORM.png
Exports/SnowFlower/v4/Textures/T_SnowFlower_Wrap_BC.png
Exports/SnowFlower/v4/Textures/T_SnowFlower_Wrap_Detail.png
Exports/SnowFlower/v4/Textures/T_SnowFlower_Wrap_N.png
Exports/SnowFlower/v4/Textures/T_SnowFlower_Wrap_ORM.png
Renders/SnowFlower/v4/SnowFlower_Sheath_Detail_Band_vs_Reference.png
Renders/SnowFlower/v4/SnowFlower_Sheath_Detail_Chape_vs_Reference.png
Renders/SnowFlower/v4/SnowFlower_Sheath_Detail_Throat_vs_Reference.png
Renders/SnowFlower/v4/SnowFlower_Sheath_Detail_Vine_vs_Reference.png
Renders/SnowFlower/v4/SnowFlower_Sheath_RefView_vs_Reference.png
Renders/SnowFlower/v4/SnowFlower_Sheath_back_hero.png
Renders/SnowFlower/v4/SnowFlower_Sheath_fit_cutaway_full.png
Renders/SnowFlower/v4/SnowFlower_Sheath_fit_cutaway_mouth.png
Renders/SnowFlower/v4/SnowFlower_Sheath_fit_cutaway_mouth_persp.png
Renders/SnowFlower/v4/SnowFlower_Sheath_fit_cutaway_tip.png
Renders/SnowFlower/v4/SnowFlower_Sheath_fit_front.png
Renders/SnowFlower/v4/SnowFlower_Sheath_fit_hero.png
Renders/SnowFlower/v4/SnowFlower_Sheath_fit_sections.json
Renders/SnowFlower/v4/SnowFlower_Sheath_fit_sections.png
Renders/SnowFlower/v4/SnowFlower_Sheath_fit_side.png
Renders/SnowFlower/v4/SnowFlower_Sheath_fit_verify.json
Renders/SnowFlower/v4/SnowFlower_Sheath_hero.png
Renders/SnowFlower/v4/SnowFlower_Sheath_lod_strip.png
Renders/SnowFlower/v4/SnowFlower_Sheath_persp_band.png
Renders/SnowFlower/v4/SnowFlower_Sheath_persp_chape.png
Renders/SnowFlower/v4/SnowFlower_Sheath_persp_throat.png
Renders/SnowFlower/v4/SnowFlower_Sheath_ref_back.png
Renders/SnowFlower/v4/SnowFlower_Sheath_ref_front.png
Renders/SnowFlower/v4/SnowFlower_Sheath_ref_side.png
Renders/SnowFlower/v4/SnowFlower_Sheath_wire.png
Renders/SnowFlower/v4/SnowFlower_v4_Back_SheetScale.png
Renders/SnowFlower/v4/SnowFlower_v4_Detail_Blade.png
Renders/SnowFlower/v4/SnowFlower_v4_Detail_Blade_vs_Sheet.png
Renders/SnowFlower/v4/SnowFlower_v4_Detail_Guard.png
Renders/SnowFlower/v4/SnowFlower_v4_Detail_Guard_vs_Sheet.png
Renders/SnowFlower/v4/SnowFlower_v4_Detail_Pommel.png
Renders/SnowFlower/v4/SnowFlower_v4_Detail_Pommel_vs_Sheet.png
Renders/SnowFlower/v4/SnowFlower_v4_Front_SheetScale.png
Renders/SnowFlower/v4/SnowFlower_v4_Hero.png
Renders/SnowFlower/v4/SnowFlower_v4_Hilt_vs_Sheet_3x.png
Renders/SnowFlower/v4/SnowFlower_v4_LODs.png
Renders/SnowFlower/v4/SnowFlower_v4_RefViews_metrics.json
Renders/SnowFlower/v4/SnowFlower_v4_RefViews_vs_Sheet.png
Renders/SnowFlower/v4/SnowFlower_v4_RefViews_vs_Sheet_fromFBX.png
Renders/SnowFlower/v4/SnowFlower_v4_Side_SheetScale.png
Renders/SnowFlower/v4/SnowFlower_v4_Wire.png
Renders/SnowFlower/v4/sheath_compare_metrics.json
Scripts/SnowFlower/v4/build_sheath.py
Scripts/SnowFlower/v4/build_sword_game.py
Scripts/SnowFlower/v4/run_all_sword.sh
Scripts/SnowFlower/v4/run_sheath_all.sh
Scripts/SnowFlower/v4/run_sword_build.sh
Scripts/SnowFlower/v4/sfv4_assemble.py
Scripts/SnowFlower/v4/sfv4_bake.py
Scripts/SnowFlower/v4/sfv4_blade.py
Scripts/SnowFlower/v4/sfv4_compare.py
Scripts/SnowFlower/v4/sfv4_compare_details.py
Scripts/SnowFlower/v4/sfv4_compare_hilt.py
Scripts/SnowFlower/v4/sfv4_envelope.py
Scripts/SnowFlower/v4/sfv4_hilt.py
Scripts/SnowFlower/v4/sfv4_look.py
Scripts/SnowFlower/v4/sfv4_mesh.py
Scripts/SnowFlower/v4/sfv4_png.py
Scripts/SnowFlower/v4/sfv4_prims.py
Scripts/SnowFlower/v4/sfv4_render.py
Scripts/SnowFlower/v4/sfv4_rev3.py
Scripts/SnowFlower/v4/sfv4_spec.py
Scripts/SnowFlower/v4/sfv4_uvpack.py
Scripts/SnowFlower/v4/shv4_compare.py
Scripts/SnowFlower/v4/shv4_fit.py
Scripts/SnowFlower/v4/shv4_look.py
Scripts/SnowFlower/v4/shv4_parts.py
Scripts/SnowFlower/v4/shv4_relief.py
Scripts/SnowFlower/v4/shv4_render.py
Scripts/SnowFlower/v4/shv4_spec.py
Scripts/SnowFlower/v4/shv4_stages.py
Scripts/SnowFlower/v4/shv4_verify.py
Assets/SnowFlower/SnowFlower_Game_v4.blend
Assets/SnowFlower/SnowFlower_Sheath.blend
WorkFiles/SnowFlower/v4/SnowFlower_HighPoly_v4.blend
WorkFiles/SnowFlower/v4/SnowFlower_Sheath_HighPoly.blend
WorkFiles/SnowFlower/v4/SWORD_V4_REPORT.md
WorkFiles/SnowFlower/v4/SHEATH_REPORT.md
WorkFiles/SnowFlower/v4/sword_report.json
WorkFiles/SnowFlower/v4/sheath_report.json
WorkFiles/SnowFlower/v4/sheath_build/fit_verify.json
WorkFiles/SnowFlower/v4/UnrealCheck/verification_summary.json
WorkFiles/SnowFlower/v4/UnrealCheck_Sheath/verification_summary.json
Scripts/unreal/materials/material_spec.json
Scripts/unreal/materials/np_masters.py
Scripts/unreal/materials/maps/make_snowflower_recolour_maps.py
Scripts/unreal/materials/maps/derive_constants_snowflower.py
WorkFiles/SnowFlower/v4/materials/sf_spec_additions.py
