step=u1 exit=0 secs=14 log_lines=1684 strict_warning_error=0 loose_mentions=5 stderr_lines=0
  LOOSE  LogWindows: Failed to load 'aqProf.dll' (GetLastError=126)
  LOOSE  LogWindows: Failed to load 'VtuneApi.dll' (GetLastError=126)
  LOOSE  LogWindows: Failed to load 'VtuneApi32e.dll' (GetLastError=126)
  LOOSE  LogWindows: Failed to load 'WinPixGpuCapturer.dll' (GetLastError=126)
  LOOSE  [2026.09.19-04.57.29:019][  0]LogInit: Display: Success - 0 error(s), 0 warning(s)
step=u2 exit=0 secs=6 log_lines=1787 strict_warning_error=0 loose_mentions=5 stderr_lines=0
  LOOSE  LogWindows: Failed to load 'aqProf.dll' (GetLastError=126)
  LOOSE  LogWindows: Failed to load 'VtuneApi.dll' (GetLastError=126)
  LOOSE  LogWindows: Failed to load 'VtuneApi32e.dll' (GetLastError=126)
  LOOSE  LogWindows: Failed to load 'WinPixGpuCapturer.dll' (GetLastError=126)
  LOOSE  [2026.09.19-04.57.35:558][  0]LogInit: Display: Success - 0 error(s), 0 warning(s)
step=u3 exit=0 secs=4 log_lines=1650 strict_warning_error=0 loose_mentions=5 stderr_lines=0
  LOOSE  LogWindows: Failed to load 'aqProf.dll' (GetLastError=126)
  LOOSE  LogWindows: Failed to load 'VtuneApi.dll' (GetLastError=126)
  LOOSE  LogWindows: Failed to load 'VtuneApi32e.dll' (GetLastError=126)
  LOOSE  LogWindows: Failed to load 'WinPixGpuCapturer.dll' (GetLastError=126)
  LOOSE  [2026.09.19-04.57.40:249][  0]LogInit: Display: Success - 0 error(s), 0 warning(s)
step=u4 exit=0 secs=5 log_lines=1650 strict_warning_error=0 loose_mentions=5 stderr_lines=0
  LOOSE  LogWindows: Failed to load 'aqProf.dll' (GetLastError=126)
  LOOSE  LogWindows: Failed to load 'VtuneApi.dll' (GetLastError=126)
  LOOSE  LogWindows: Failed to load 'VtuneApi32e.dll' (GetLastError=126)
  LOOSE  LogWindows: Failed to load 'WinPixGpuCapturer.dll' (GetLastError=126)
  LOOSE  [2026.09.19-04.57.45:402][  0]LogInit: Display: Success - 0 error(s), 0 warning(s)
step=u5 exit=0 secs=5 log_lines=1653 strict_warning_error=0 loose_mentions=5 stderr_lines=0
  LOOSE  LogWindows: Failed to load 'aqProf.dll' (GetLastError=126)
  LOOSE  LogWindows: Failed to load 'VtuneApi.dll' (GetLastError=126)
  LOOSE  LogWindows: Failed to load 'VtuneApi32e.dll' (GetLastError=126)
  LOOSE  LogWindows: Failed to load 'WinPixGpuCapturer.dll' (GetLastError=126)
  LOOSE  [2026.09.19-04.57.50:318][  0]LogInit: Display: Success - 0 error(s), 0 warning(s)
step=u6 exit=0 secs=5 log_lines=1650 strict_warning_error=0 loose_mentions=5 stderr_lines=0
  LOOSE  LogWindows: Failed to load 'aqProf.dll' (GetLastError=126)
  LOOSE  LogWindows: Failed to load 'VtuneApi.dll' (GetLastError=126)
  LOOSE  LogWindows: Failed to load 'VtuneApi32e.dll' (GetLastError=126)
  LOOSE  LogWindows: Failed to load 'WinPixGpuCapturer.dll' (GetLastError=126)
  LOOSE  [2026.09.19-04.57.55:622][  0]LogInit: Display: Success - 0 error(s), 0 warning(s)
